2026-05-26 18:07:15,716 - laps - INFO - Processing laps endpoint: laps?date_start>=2026-05-01T00:00:00.606000+00:00
2026-05-26 18:07:19,252 - laps - INFO - Number of laps fetched: 5810
2026-05-26 18:32:20,156 - laps - INFO - Processing laps endpoint: laps?date_start>=2026-05-01T00:00:00.606000+00:00
2026-05-26 18:32:23,347 - laps - INFO - Number of laps fetched: 5810
2026-05-26 18:45:15,581 - laps - INFO - Processing laps endpoint: laps?date_start>=2026-05-01T00:00:00.606000+00:00
2026-05-26 18:45:19,333 - laps - INFO - Number of laps fetched: 5810
2026-05-26 18:45:51,870 - laps - INFO - Processing laps endpoint: laps?date_start>=2026-05-01T00:00:00.606000+00:00
2026-05-26 18:45:55,432 - laps - INFO - Number of laps fetched: 5810
2026-05-26 18:46:15,766 - laps - INFO - Processing laps endpoint: laps?date_start>=2026-05-01T00:00:00.606000+00:00
2026-05-26 18:46:19,198 - laps - INFO - Number of laps fetched: 5810
2026-05-26 18:48:51,456 - laps - INFO - Processing laps endpoint: laps?date_start>=2026-05-01T00:00:00.606000+00:00
2026-05-26 18:48:55,083 - laps - INFO - Number of laps fetched: 5810
2026-05-26 18:50:59,166 - laps - INFO - Processing laps endpoint: laps?date_start>=2026-05-01T00:00:00.606000+00:00
2026-05-26 18:51:04,262 - laps - INFO - Number of laps fetched: 5810
2026-05-26 18:52:20,715 - laps - INFO - Processing laps endpoint: laps?date_start>=2026-05-01T00:00:00.606000+00:00
2026-05-26 18:52:24,356 - laps - INFO - Number of laps fetched: 5810
2026-05-26 18:52:54,957 - laps - INFO - Processing laps endpoint: laps?date_start>=2026-05-01T00:00:00.606000+00:00
2026-05-26 18:52:58,618 - laps - INFO - Number of laps fetched: 5810
2026-05-26 18:53:33,720 - laps - INFO - Processing laps endpoint: laps?date_start>=2026-05-01T00:00:00.606000+00:00
2026-05-26 18:53:39,008 - laps - INFO - Number of laps fetched: 5810
2026-05-26 18:54:24,589 - laps - INFO - Processing laps endpoint: laps?date_start>=2026-05-01T00:00:00.606000+00:00
2026-05-26 18:54:28,744 - laps - INFO - Number of laps fetched: 5810
2026-05-26 18:58:00,035 - laps - INFO - Processing laps endpoint: laps?date_start>=2026-05-01T00:00:00.606000+00:00
2026-05-26 18:58:03,577 - laps - INFO - Number of laps fetched: 5810
2026-05-26 18:59:29,165 - laps - INFO - Processing laps endpoint: laps?date_start>=2026-05-01T00:00:00.606000+00:00
2026-05-26 18:59:32,710 - laps - INFO - Number of laps fetched: 5810
2026-05-26 18:59:32,726 - laps - ERROR - Error writing to parquet file: unhashable type: 'list'
2026-05-26 19:00:14,007 - laps - INFO - Processing laps endpoint: laps?date_start>=2026-05-01T00:00:00.606000+00:00
2026-05-26 19:00:17,930 - laps - INFO - Number of laps fetched: 5810
2026-05-26 19:00:17,947 - laps - ERROR - Error writing to parquet file: unhashable type: 'list'
2026-05-26 19:25:46,537 - laps - INFO - Processing laps endpoint: laps?date_start>=2026-05-01T00:00:00.606000+00:00
2026-05-26 19:25:50,409 - laps - INFO - Number of laps fetched: 5810
2026-05-26 19:25:50,427 - laps - ERROR - Error writing to parquet file: unhashable type: 'list'
2026-05-26 19:26:10,273 - laps - INFO - Processing laps endpoint: laps?date_start>=2026-05-01T00:00:00.606000+00:00
2026-05-26 19:26:13,627 - laps - INFO - Number of laps fetched: 5810
2026-05-26 19:26:13,734 - laps - INFO - Lap data written to parquet file
2026-05-26 19:26:13,735 - laps - INFO - Updating LAST_LOAD timestamp
2026-05-26 19:26:13,735 - laps - INFO - Max start date: 2026-05-24T21:37:55.888000+00:00
2026-05-26 19:28:01,451 - laps - INFO - Processing laps endpoint: laps?date_start>=2026-05-01T00:00:00.606000+00:00
2026-05-26 19:28:04,837 - laps - INFO - Number of laps fetched: 5810
2026-05-26 19:28:04,939 - laps - INFO - Lap data written to parquet file
2026-05-26 19:28:04,939 - laps - INFO - Updating LAST_LOAD timestamp
2026-05-26 19:28:04,940 - laps - INFO - LAST_LOAD timestamp updated to 2026-05-24T21:37:55.888000+00:00
2026-05-26 19:30:11,111 - laps - INFO - Processing laps endpoint: laps?date_start>=2026-05-01T00:00:00.606000+00:00
2026-05-26 19:30:14,952 - laps - INFO - Number of laps fetched: 5810
2026-05-26 19:30:15,056 - laps - INFO - Lap data written to parquet file
2026-05-26 19:30:15,056 - laps - INFO - Updating LAST_LOAD timestamp
2026-05-26 19:30:15,057 - laps - INFO - LAST_LOAD timestamp updated to 2026-05-24T21:37:55.888000+00:00
2026-05-26 19:30:15,057 - laps - INFO - Successfully updated lap data
2026-05-26 19:32:48,067 - laps - INFO - Processing laps endpoint: laps?date_start>=2026-05-01T00:00:00.606000+00:00
2026-05-26 19:32:52,205 - laps - INFO - Number of laps fetched: 5810
2026-05-26 19:32:52,302 - laps - INFO - Lap data written to parquet file
2026-05-26 19:32:52,302 - laps - INFO - Updating LAST_LOAD timestamp
2026-05-26 19:32:52,304 - laps - INFO - LAST_LOAD timestamp updated to 2026-05-24T21:37:55.888000+00:00
2026-05-26 19:32:52,304 - laps - INFO - Successfully updated lap data
2026-05-26 19:33:01,852 - laps - INFO - Processing laps endpoint: laps?date_start>=2026-05-24T21:37:55.888000+00:00
2026-05-26 19:33:03,946 - laps - INFO - Number of laps fetched: 1
2026-05-26 19:33:04,029 - laps - INFO - Lap data written to parquet file
2026-05-26 19:33:04,029 - laps - INFO - Updating LAST_LOAD timestamp
2026-05-26 19:33:04,030 - laps - INFO - LAST_LOAD timestamp updated to 2026-05-24T21:37:55.888000+00:00
2026-05-26 19:33:04,030 - laps - INFO - Successfully updated lap data
2026-05-26 19:42:13,853 - laps - INFO - Processing laps endpoint: laps?date_start>=2026-05-24T21:37:55.888000+00:00
2026-05-26 19:42:15,430 - laps - INFO - Number of laps fetched: 1
2026-05-26 19:42:15,473 - laps - INFO - Lap data written to parquet file
2026-05-26 19:42:15,473 - laps - INFO - Updating LAST_LOAD timestamp
2026-05-26 19:42:30,104 - laps - INFO - Processing laps endpoint: laps?date_start>=2026-05-24T21:37:55.888000+00:00
2026-05-26 19:42:31,712 - laps - INFO - Number of laps fetched: 1
2026-05-26 19:42:31,788 - laps - INFO - Lap data written to parquet file
2026-05-26 19:42:31,788 - laps - INFO - Updating LAST_LOAD timestamp
2026-05-26 19:42:31,789 - laps - INFO - LAST_LOAD timestamp updated to 2026-05-24 09:37:55.888000+00:00
2026-05-26 19:42:31,789 - laps - INFO - Successfully updated lap data
2026-05-26 19:43:08,177 - laps - INFO - Processing laps endpoint: laps?date_start>=2026-05-24T09:37:55.888000+00:00
2026-05-26 19:43:11,045 - laps - INFO - Number of laps fetched: 1212
2026-05-26 19:43:11,122 - laps - INFO - Lap data written to parquet file
2026-05-26 19:43:11,122 - laps - INFO - Updating LAST_LOAD timestamp
2026-05-26 19:43:11,123 - laps - INFO - LAST_LOAD timestamp updated to 2026-05-24 09:37:55.888000+00:00
2026-05-26 19:43:11,123 - laps - INFO - Successfully updated lap data
2026-05-26 19:48:40,058 - laps - INFO - Processing laps endpoint: laps?date_start>=2026-05-24T09:37:55.888000+00:00
2026-05-26 19:48:42,421 - laps - INFO - Number of laps fetched: 1212
2026-05-26 19:48:42,500 - laps - INFO - Lap data written to parquet file
2026-05-26 19:48:42,500 - laps - INFO - Updating LAST_LOAD timestamp
2026-05-26 19:48:42,501 - laps - INFO - LAST_LOAD timestamp updated to 2026-05-24 09:37:55.888000+00:00
2026-05-26 19:48:42,501 - laps - INFO - Successfully updated lap data
2026-05-26 20:02:03,916 - laps - INFO - Processing laps endpoint: laps?date_end>=2026-05-24 06:37:55.888000+00:00
2026-05-26 20:04:20,554 - laps - INFO - Processing laps endpoint: laps?date_end>=2026-05-24 18:37:00
2026-05-26 20:05:20,519 - laps - INFO - Processing laps endpoint: laps?date_start>=2026-05-24 18:37:00
2026-05-26 20:05:23,125 - laps - INFO - Number of laps fetched: 1212
2026-05-26 20:05:23,206 - laps - INFO - Lap data written to parquet file
2026-05-26 20:05:23,206 - laps - INFO - Updating LAST_LOAD timestamp
2026-05-26 20:05:23,207 - laps - INFO - LAST_LOAD timestamp updated to 2026-05-24T21:37:55.888000+00:00
2026-05-26 20:05:23,207 - laps - INFO - Successfully updated lap data
2026-05-26 20:05:29,891 - laps - INFO - Processing laps endpoint: laps?date_start>=2026-05-24 18:37:55
2026-05-26 20:05:32,524 - laps - INFO - Number of laps fetched: 1212
2026-05-26 20:05:32,603 - laps - INFO - Lap data written to parquet file
2026-05-26 20:05:32,603 - laps - INFO - Updating LAST_LOAD timestamp
2026-05-26 20:05:32,604 - laps - INFO - LAST_LOAD timestamp updated to 2026-05-24T21:37:55.888000+00:00
2026-05-26 20:05:32,604 - laps - INFO - Successfully updated lap data
2026-05-26 20:33:32,005 - laps - INFO - Processing laps endpoint: laps?date_start>=2026-05-24 18:37:55
2026-05-26 20:33:35,711 - laps - INFO - Number of laps fetched: 1212
2026-05-26 20:33:35,751 - laps - INFO - Lap data written to parquet file
2026-05-26 20:33:35,751 - laps - INFO - Updating LAST_LOAD timestamp
2026-05-26 20:33:35,752 - laps - INFO - LAST_LOAD timestamp updated to 2026-05-24T21:37:55.888000+00:00
2026-05-26 20:33:35,752 - laps - INFO - Successfully updated lap data
2026-05-26 20:33:37,702 - laps - INFO - Processing laps endpoint: laps?date_start>=2026-05-24 18:37:55
2026-05-26 20:33:40,048 - laps - INFO - Number of laps fetched: 1212
2026-05-26 20:33:40,123 - laps - INFO - Lap data written to parquet file
2026-05-26 20:33:40,123 - laps - INFO - Updating LAST_LOAD timestamp
2026-05-26 20:33:40,124 - laps - INFO - LAST_LOAD timestamp updated to 2026-05-24T21:37:55.888000+00:00
2026-05-26 20:33:40,124 - laps - INFO - Successfully updated lap data
2026-05-26 20:34:53,730 - laps - INFO - Processing laps endpoint: laps?date_start>=2026-05-24 18:37:55
2026-05-26 20:34:56,195 - laps - INFO - Number of laps fetched: 1212
2026-05-26 20:34:56,230 - laps - INFO - Lap data written to parquet file
2026-05-26 20:34:56,230 - laps - INFO - Updating LAST_LOAD timestamp
2026-05-26 20:34:56,231 - laps - INFO - LAST_LOAD timestamp updated to 2026-05-24T21:37:55.888000+00:00
2026-05-26 20:34:56,232 - laps - INFO - Successfully updated lap data
2026-05-26 20:36:40,519 - laps - INFO - Processing laps endpoint: laps?date_start>=2026-05-24 18:37:55
2026-05-26 20:36:42,919 - laps - INFO - Number of laps fetched: 1212
2026-05-26 20:36:42,991 - laps - INFO - Lap data written to parquet file
2026-05-26 20:36:42,991 - laps - INFO - Updating LAST_LOAD timestamp
2026-05-26 20:36:42,992 - laps - INFO - LAST_LOAD timestamp updated to 2026-05-24T21:37:55.888000+00:00
2026-05-26 20:36:42,992 - laps - INFO - Successfully updated lap data
2026-05-26 20:36:55,915 - laps - INFO - Processing laps endpoint: laps?date_start>=2026-05-24 18:37:55
2026-05-26 20:36:58,610 - laps - INFO - Number of laps fetched: 1212
2026-05-26 20:36:58,684 - laps - INFO - Lap data written to parquet file
2026-05-26 20:36:58,684 - laps - INFO - Updating LAST_LOAD timestamp
2026-05-26 20:36:58,685 - laps - INFO - LAST_LOAD timestamp updated to 2026-05-24T21:37:55.888000+00:00
2026-05-26 20:36:58,685 - laps - INFO - Successfully updated lap data
2026-05-26 20:42:41,359 - laps - INFO - Processing laps endpoint: laps?date_start>=2026-05-24 18:37:55
2026-05-26 20:42:43,850 - laps - INFO - Number of laps fetched: 1212
2026-05-26 20:42:43,944 - laps - INFO - Lap data written to parquet file
2026-05-26 20:42:43,944 - laps - INFO - Updating LAST_LOAD timestamp
2026-05-26 20:42:43,945 - laps - INFO - LAST_LOAD timestamp updated to 2026-05-24T21:37:55.888000+00:00
2026-05-26 20:42:43,945 - laps - INFO - Successfully updated lap data
2026-05-26 20:43:17,237 - laps - INFO - Processing laps endpoint: laps?date_start>=2026-05-24 18:37:55
2026-05-26 20:43:19,806 - laps - INFO - Number of laps fetched: 1212
2026-05-26 20:43:19,901 - laps - INFO - Lap data written to parquet file
2026-05-26 20:43:19,901 - laps - INFO - Updating LAST_LOAD timestamp
2026-05-26 20:43:19,902 - laps - INFO - LAST_LOAD timestamp updated to 2026-05-24T21:37:55.888000+00:00
2026-05-26 20:43:19,902 - laps - INFO - Successfully updated lap data
